// Jest Snapshot v1, https://goo.gl/fbAQLP

exports[`Grid.jsx 1`] = `
<div
  className="grid"
>
  <p
    className="grid-header"
  />
  <div
    className="grid-body"
  >
    <_default />
  </div>
</div>
`;
